
   • Packages in scope: @fizzbuzz/analytics-service, @fizzbuzz/config, @fizzbuzz/core, @fizzbuzz/core-logic, @fizzbuzz/e2e, @fizzbuzz/lean-service, @fizzbuzz/rust-engine, @fizzbuzz/transformer, @fizzbuzz/types, @fizzbuzz/ui, @fizzbuzz/verified-algorithms, @fizzbuzz/web-dashboard, @fizzbuzz/web-server, marketing-landing-page
   • Running test in 14 packages
   • Remote caching disabled

@fizzbuzz/rust-engine:build: cache hit, replaying logs ca9878e69de790f5
@fizzbuzz/rust-engine:build: 
@fizzbuzz/rust-engine:build: > @fizzbuzz/rust-engine@0.1.0 build /home/cameron/Git/Personal/agent-first-fizzbuzz-scalable/packages/rust-fizzbuzz
@fizzbuzz/rust-engine:build: > rustup default stable && wasm-pack build --target nodejs --out-dir dist/node && rm -f dist/node/.gitignore dist/node/package.json
@fizzbuzz/rust-engine:build: 
@fizzbuzz/rust-engine:build: info: using existing install for 'stable-x86_64-unknown-linux-gnu'
@fizzbuzz/rust-engine:build: info: default toolchain set to 'stable-x86_64-unknown-linux-gnu'
@fizzbuzz/rust-engine:build: 
@fizzbuzz/rust-engine:build:   stable-x86_64-unknown-linux-gnu unchanged - rustc 1.88.0 (6b00bc388 2025-06-23)
@fizzbuzz/rust-engine:build: 
@fizzbuzz/transformer:build: cache hit, replaying logs 5c034f1d9b7c6e45
@fizzbuzz/rust-engine:build: info: note that the toolchain 'stable-x86_64-unknown-linux-gnu' is currently in use (overridden by '/home/cameron/Git/Personal/agent-first-fizzbuzz-scalable/packages/rust-fizzbuzz/rust-toolchain.toml')
@fizzbuzz/transformer:build: 
@fizzbuzz/transformer:build: > @fizzbuzz/transformer@0.1.0 build /home/cameron/Git/Personal/agent-first-fizzbuzz-scalable/apps/fizzbuzz-transformer
@fizzbuzz/transformer:build: > echo 'Nothing to build for Python'
@fizzbuzz/transformer:build: 
@fizzbuzz/rust-engine:build: [INFO]: 🎯  Checking for the Wasm target...
@fizzbuzz/rust-engine:build: [INFO]: 🌀  Compiling to Wasm...
@fizzbuzz/transformer:build: Nothing to build for Python
@fizzbuzz/rust-engine:build:     Finished `release` profile [optimized] target(s) in 0.01s
@fizzbuzz/rust-engine:build: [INFO]: ⬇️  Installing wasm-bindgen...
@fizzbuzz/rust-engine:build: [INFO]: Optimizing wasm binaries with `wasm-opt`...
@fizzbuzz/rust-engine:build: [INFO]: Optional fields missing from Cargo.toml: 'description', 'repository', and 'license'. These are not necessary, but recommended
@fizzbuzz/rust-engine:build: [INFO]: ✨   Done in 0.54s
@fizzbuzz/rust-engine:build: [INFO]: 📦   Your wasm pkg is ready to publish at /home/cameron/Git/Personal/agent-first-fizzbuzz-scalable/packages/rust-fizzbuzz/dist/node.
@fizzbuzz/rust-engine:build: [WARN]: ⚠️   There's a newer version of wasm-pack available, the new version is: 0.14.0, you are using: 0.13.1. To update, navigate to: https://rustwasm.github.io/wasm-pack/installer/
@fizzbuzz/verified-algorithms:build: cache hit, replaying logs 67e1592185a71b10
@fizzbuzz/verified-algorithms:build: 
@fizzbuzz/verified-algorithms:build: > @fizzbuzz/verified-algorithms@1.0.0 build /home/cameron/Git/Personal/agent-first-fizzbuzz-scalable/packages/verified-algorithms
@fizzbuzz/verified-algorithms:build: > command -v lake >/dev/null 2>&1 && cd lean && lake build || echo 'Lean/Lake not found, skipping verified build.'
@fizzbuzz/verified-algorithms:build: 
@fizzbuzz/verified-algorithms:build: Build completed successfully (8 jobs).
@fizzbuzz/ui:build: cache hit, replaying logs 61579582be7ce339
@fizzbuzz/core-logic:build: cache hit, replaying logs d6ded23ccb47cfdc
@fizzbuzz/ui:build: 
@fizzbuzz/ui:build: > @fizzbuzz/ui@0.1.0 build /home/cameron/Git/Personal/agent-first-fizzbuzz-scalable/packages/ui
@fizzbuzz/core-logic:build: 
@fizzbuzz/ui:build: > tsc -p tsconfig.build.json
@fizzbuzz/core-logic:build: > @fizzbuzz/core-logic@0.1.0 build /home/cameron/Git/Personal/agent-first-fizzbuzz-scalable/packages/core-logic
@fizzbuzz/ui:build: 
@fizzbuzz/core-logic:build: > tsc -p tsconfig.build.json
@fizzbuzz/core-logic:build: 
@fizzbuzz/analytics-service:build: cache hit, replaying logs 4eea08cd690c6ab0
@fizzbuzz/analytics-service:build: 
@fizzbuzz/analytics-service:build: > @fizzbuzz/analytics-service@0.1.0 build /home/cameron/Git/Personal/agent-first-fizzbuzz-scalable/apps/analytics-service
@fizzbuzz/analytics-service:build: > tsc -p tsconfig.build.json
@fizzbuzz/analytics-service:build: 
@fizzbuzz/transformer:test: cache hit, replaying logs 7752140c641e97b7
@fizzbuzz/transformer:test: 
@fizzbuzz/transformer:test: > @fizzbuzz/transformer@0.1.0 test /home/cameron/Git/Personal/agent-first-fizzbuzz-scalable/apps/fizzbuzz-transformer
@fizzbuzz/transformer:test: > echo 'Nothing to test for Python'
@fizzbuzz/transformer:test: 
@fizzbuzz/transformer:test: Nothing to test for Python
@fizzbuzz/verified-algorithms:test: cache hit, replaying logs 135e4e89c80c6ff6
@fizzbuzz/verified-algorithms:test: 
@fizzbuzz/verified-algorithms:test: > @fizzbuzz/verified-algorithms@1.0.0 test /home/cameron/Git/Personal/agent-first-fizzbuzz-scalable/packages/verified-algorithms
@fizzbuzz/verified-algorithms:test: > command -v lake >/dev/null 2>&1 && cd lean && lake build || echo 'Lean/Lake not found, skipping verification.'
@fizzbuzz/verified-algorithms:test: 
@fizzbuzz/verified-algorithms:test: Build completed successfully (8 jobs).
@fizzbuzz/lean-service:build: cache hit, replaying logs 0d8ddf3566e609d9
@fizzbuzz/lean-service:build: 
@fizzbuzz/core:build: cache hit, replaying logs 16a1f5b91da53176
@fizzbuzz/lean-service:build: > @fizzbuzz/lean-service@0.1.0 build /home/cameron/Git/Personal/agent-first-fizzbuzz-scalable/apps/lean-service
@fizzbuzz/core:build: 
@fizzbuzz/web-server:build: cache miss, executing a86c448ecfe73690
@fizzbuzz/core:build: > @fizzbuzz/core@0.1.0 build /home/cameron/Git/Personal/agent-first-fizzbuzz-scalable/apps/core
@fizzbuzz/core:build: > tsc
@fizzbuzz/core:build: 
@fizzbuzz/lean-service:build: > tsc -p tsconfig.build.json
@fizzbuzz/lean-service:build: 
@fizzbuzz/core-logic:test: cache hit, replaying logs 34c416b3dc8fa55b
@fizzbuzz/core-logic:test: 
@fizzbuzz/core-logic:test: > @fizzbuzz/core-logic@0.1.0 test /home/cameron/Git/Personal/agent-first-fizzbuzz-scalable/packages/core-logic
@fizzbuzz/core-logic:test: > vitest run
@fizzbuzz/core-logic:test: 
@fizzbuzz/core-logic:test: 
@fizzbuzz/core-logic:test:  RUN  v4.1.4 /home/cameron/Git/Personal/agent-first-fizzbuzz-scalable/packages/core-logic
@fizzbuzz/core-logic:test: 
@fizzbuzz/core-logic:test:  ✓ src/fizzbuzz.test.ts (6 tests) 5ms
@fizzbuzz/core-logic:test: 
@fizzbuzz/core-logic:test:  Test Files  1 passed (1)
@fizzbuzz/core-logic:test:       Tests  6 passed (6)
@fizzbuzz/core-logic:test:    Start at  00:09:04
@fizzbuzz/core-logic:test:    Duration  142ms (transform 21ms, setup 0ms, import 33ms, tests 5ms, environment 0ms)
@fizzbuzz/core-logic:test: 
marketing-landing-page:build: cache hit, replaying logs e1152248f3667bcc
marketing-landing-page:build: 
marketing-landing-page:build: > marketing-landing-page@1.0.0 build /home/cameron/Git/Personal/agent-first-fizzbuzz-scalable/apps/marketing-landing-page
marketing-landing-page:build: > tsc && vite build
marketing-landing-page:build: 
marketing-landing-page:build: vite v8.0.8 building client environment for production...
marketing-landing-page:build: [2Kmarketing-landing-page:build: transforming...✓ 2132 modules transformed.
marketing-landing-page:build: rendering chunks...
marketing-landing-page:build: computing gzip size...
marketing-landing-page:build: dist/index.html                   0.58 kB │ gzip:   0.35 kB
marketing-landing-page:build: dist/assets/index-YcBi9gzI.css   53.11 kB │ gzip:   8.72 kB
marketing-landing-page:build: dist/assets/index-B1EktXIk.js   634.87 kB │ gzip: 197.37 kB
marketing-landing-page:build: 
marketing-landing-page:build: ✓ built in 243ms
marketing-landing-page:build: [plugin builtin:vite-reporter] 
marketing-landing-page:build: (!) Some chunks are larger than 500 kB after minification. Consider:
marketing-landing-page:build: - Using dynamic import() to code-split the application
marketing-landing-page:build: - Use build.rolldownOptions.output.codeSplitting to improve chunking: https://rolldown.rs/reference/OutputOptions.codeSplitting
marketing-landing-page:build: - Adjust chunk size limit for this warning via build.chunkSizeWarningLimit.
@fizzbuzz/web-dashboard:build: cache hit, replaying logs 729ba9937f5c387f
@fizzbuzz/web-dashboard:build: 
@fizzbuzz/web-dashboard:build: > @fizzbuzz/web-dashboard@0.1.0 build /home/cameron/Git/Personal/agent-first-fizzbuzz-scalable/apps/web-dashboard
@fizzbuzz/ui:test: cache hit, replaying logs 14a1f7de11ed86bb
@fizzbuzz/web-dashboard:build: > tsc && vite build
@fizzbuzz/web-dashboard:build: 
@fizzbuzz/ui:test: 
@fizzbuzz/web-dashboard:build: vite v8.0.8 building client environment for production...
@fizzbuzz/web-dashboard:build: [2K@fizzbuzz/web-dashboard:build: transforming...✓ 1687 modules transformed.
@fizzbuzz/web-dashboard:build: rendering chunks...
@fizzbuzz/ui:test: > @fizzbuzz/ui@0.1.0 test /home/cameron/Git/Personal/agent-first-fizzbuzz-scalable/packages/ui
@fizzbuzz/ui:test: > vitest run
@fizzbuzz/e2e:test: cache miss, executing bba0baf4c114e5e8
@fizzbuzz/web-dashboard:build: computing gzip size...
@fizzbuzz/web-dashboard:build: dist/index.html                          0.77 kB │ gzip:   0.40 kB
@fizzbuzz/web-dashboard:build: dist/assets/index-BZGa0X9a.css          22.90 kB │ gzip:   4.95 kB
@fizzbuzz/web-dashboard:build: dist/assets/typeof-DmQ5kzpc.js           0.27 kB │ gzip:   0.16 kB
@fizzbuzz/web-dashboard:build: dist/assets/chunk-B3K2TuZy.js            0.55 kB │ gzip:   0.35 kB
@fizzbuzz/web-dashboard:build: dist/assets/purify.es-BIPMmIPG.js       21.05 kB │ gzip:   8.46 kB
@fizzbuzz/ui:test: 
@fizzbuzz/ui:test: 
@fizzbuzz/web-dashboard:build: dist/assets/index.es-D-rP2h-N.js       151.41 kB │ gzip:  48.88 kB
@fizzbuzz/ui:test:  RUN  v4.1.4 /home/cameron/Git/Personal/agent-first-fizzbuzz-scalable/packages/ui
@fizzbuzz/web-dashboard:build: dist/assets/html2canvas-CAUMpRbN.js    199.56 kB │ gzip:  46.78 kB
@fizzbuzz/ui:test: 
@fizzbuzz/web-dashboard:build: dist/assets/index-BdSxhnMA.js        1,013.29 kB │ gzip: 326.15 kB
@fizzbuzz/ui:test:  ✓ src/utils.test.ts (2 tests) 6ms
@fizzbuzz/web-dashboard:build: 
@fizzbuzz/web-dashboard:build: [plugin builtin:vite-reporter] 
@fizzbuzz/ui:test:  ✓ src/components/Textarea.test.tsx (3 tests) 86ms
@fizzbuzz/ui:test: 
@fizzbuzz/analytics-service:test: cache hit, replaying logs f92c17c6fc3d7d4b
@fizzbuzz/web-dashboard:build: (!) Some chunks are larger than 500 kB after minification. Consider:
@fizzbuzz/web-dashboard:build: - Using dynamic import() to code-split the application
@fizzbuzz/ui:test:  Test Files  2 passed (2)
@fizzbuzz/analytics-service:test: 
@fizzbuzz/analytics-service:test: > @fizzbuzz/analytics-service@0.1.0 test /home/cameron/Git/Personal/agent-first-fizzbuzz-scalable/apps/analytics-service
@fizzbuzz/web-dashboard:build: - Use build.rolldownOptions.output.codeSplitting to improve chunking: https://rolldown.rs/reference/OutputOptions.codeSplitting
@fizzbuzz/ui:test:       Tests  5 passed (5)
@fizzbuzz/ui:test:    Start at  00:09:04
@fizzbuzz/analytics-service:test: > vitest run
@fizzbuzz/analytics-service:test: 
@fizzbuzz/web-dashboard:build: - Adjust chunk size limit for this warning via build.chunkSizeWarningLimit.
@fizzbuzz/analytics-service:test: 
@fizzbuzz/ui:test:    Duration  634ms (transform 29ms, setup 0ms, import 89ms, tests 92ms, environment 721ms)
@fizzbuzz/ui:test: 
@fizzbuzz/web-dashboard:build: ✓ built in 320ms
@fizzbuzz/analytics-service:test:  RUN  v4.1.4 /home/cameron/Git/Personal/agent-first-fizzbuzz-scalable/apps/analytics-service
@fizzbuzz/analytics-service:test: 
@fizzbuzz/core:test: cache hit, replaying logs 82ab0c36685397ea
@fizzbuzz/analytics-service:test: stdout | src/app.test.ts > Analytics Service > should receive logs and update stats
@fizzbuzz/analytics-service:test: [test-service] info: Test log 
@fizzbuzz/analytics-service:test: 
@fizzbuzz/core:test: 
@fizzbuzz/core:test: > @fizzbuzz/core@0.1.0 test /home/cameron/Git/Personal/agent-first-fizzbuzz-scalable/apps/core
@fizzbuzz/analytics-service:test:  ✓ src/app.test.ts (4 tests) 27ms
@fizzbuzz/analytics-service:test: 
@fizzbuzz/core:test: > vitest run
@fizzbuzz/core:test: 
@fizzbuzz/analytics-service:test:  Test Files  1 passed (1)
@fizzbuzz/core:test: 
@fizzbuzz/core:test:  RUN  v4.1.4 /home/cameron/Git/Personal/agent-first-fizzbuzz-scalable/apps/core
@fizzbuzz/analytics-service:test:       Tests  4 passed (4)
@fizzbuzz/analytics-service:test:    Start at  00:09:04
@fizzbuzz/core:test: 
@fizzbuzz/core:test:  ✓ dist/index.test.js (2 tests) 2ms
@fizzbuzz/analytics-service:test:    Duration  250ms (transform 27ms, setup 0ms, import 115ms, tests 27ms, environment 0ms)
@fizzbuzz/analytics-service:test: 
@fizzbuzz/core:test:  ✓ src/index.test.ts (2 tests) 2ms
@fizzbuzz/core:test: 
@fizzbuzz/core:test:  Test Files  2 passed (2)
@fizzbuzz/core:test:       Tests  4 passed (4)
@fizzbuzz/core:test:    Start at  00:09:05
@fizzbuzz/core:test:    Duration  110ms (transform 29ms, setup 0ms, import 65ms, tests 3ms, environment 0ms)
@fizzbuzz/core:test: 
marketing-landing-page:test: cache hit, replaying logs 649cfeba10e10f70
marketing-landing-page:test: 
marketing-landing-page:test: > marketing-landing-page@1.0.0 test /home/cameron/Git/Personal/agent-first-fizzbuzz-scalable/apps/marketing-landing-page
marketing-landing-page:test: > vitest run
marketing-landing-page:test: 
marketing-landing-page:test: 
marketing-landing-page:test:  RUN  v4.1.4 /home/cameron/Git/Personal/agent-first-fizzbuzz-scalable/apps/marketing-landing-page
marketing-landing-page:test: 
marketing-landing-page:test:  ✓ src/components/FizzBuzzChat.test.tsx (4 tests) 1567ms
marketing-landing-page:test:      ✓ should close when the toggle button is clicked  439ms
marketing-landing-page:test:      ✓ should send a message and receive the fixed response  1071ms
marketing-landing-page:test:  ✓ src/App.test.tsx (7 tests) 1851ms
marketing-landing-page:test:      ✓ opens a case study modal when clicking a case study  642ms
marketing-landing-page:test:      ✓ navigates to blog and back  848ms
marketing-landing-page:test: 
marketing-landing-page:test:  Test Files  2 passed (2)
marketing-landing-page:test:       Tests  11 passed (11)
@fizzbuzz/web-dashboard:test: cache hit, replaying logs a77eda86c6d26bd0
marketing-landing-page:test:    Start at  00:09:06
marketing-landing-page:test:    Duration  2.67s (transform 107ms, setup 20ms, import 446ms, tests 3.42s, environment 823ms)
marketing-landing-page:test: 
@fizzbuzz/web-dashboard:test: 
@fizzbuzz/web-dashboard:test: > @fizzbuzz/web-dashboard@0.1.0 test /home/cameron/Git/Personal/agent-first-fizzbuzz-scalable/apps/web-dashboard
@fizzbuzz/web-dashboard:test: > vitest run
@fizzbuzz/web-dashboard:test: 
@fizzbuzz/web-dashboard:test: 
@fizzbuzz/web-dashboard:test:  RUN  v4.1.4 /home/cameron/Git/Personal/agent-first-fizzbuzz-scalable/apps/web-dashboard
@fizzbuzz/web-dashboard:test: 
@fizzbuzz/web-dashboard:test:  ✓ src/utils/export.test.ts (6 tests) 3ms
@fizzbuzz/web-dashboard:test:  ✓ src/components/NPSFeedback.test.tsx (5 tests) 111ms
@fizzbuzz/web-dashboard:test: stdout | src/App.test.tsx > Web Dashboard App > renders the dashboard title
@fizzbuzz/web-dashboard:test: [Dashboard] API_BASE: /api
@fizzbuzz/web-dashboard:test: [Dashboard] ANALYTICS_BASE: /analytics
@fizzbuzz/web-dashboard:test: 
@fizzbuzz/web-dashboard:test: stderr | src/App.test.tsx > Web Dashboard App > renders the dashboard title
@fizzbuzz/web-dashboard:test: Failed to fetch health: TypeError: Cannot read properties of undefined (reading 'json')
@fizzbuzz/web-dashboard:test:     at checkHealth (/home/cameron/Git/Personal/agent-first-fizzbuzz-scalable/apps/web-dashboard/src/App.tsx:95:31)
@fizzbuzz/web-dashboard:test:     at processTicksAndRejections (node:internal/process/task_queues:104:5)
@fizzbuzz/web-dashboard:test: Error details: {
@fizzbuzz/web-dashboard:test:   message: "Cannot read properties of undefined (reading 'json')",
@fizzbuzz/web-dashboard:test:   name: 'TypeError',
@fizzbuzz/web-dashboard:test:   stack: "TypeError: Cannot read properties of undefined (reading 'json')\n" +
@fizzbuzz/web-dashboard:test:     '    at checkHealth (/home/cameron/Git/Personal/agent-first-fizzbuzz-scalable/apps/web-dashboard/src/App.tsx:95:31)\n' +
@fizzbuzz/web-dashboard:test:     '    at processTicksAndRejections (node:internal/process/task_queues:104:5)'
@fizzbuzz/web-dashboard:test: }
@fizzbuzz/web-dashboard:test: An update to App inside a test was not wrapped in act(...).
@fizzbuzz/web-dashboard:test: 
@fizzbuzz/web-dashboard:test: When testing, code that causes React state updates should be wrapped into act(...):
@fizzbuzz/web-dashboard:test: 
@fizzbuzz/web-dashboard:test: act(() => {
@fizzbuzz/web-dashboard:test:   /* fire events that update state */
@fizzbuzz/web-dashboard:test: });
@fizzbuzz/web-dashboard:test: /* assert on the output */
@fizzbuzz/web-dashboard:test: 
@fizzbuzz/web-dashboard:test: This ensures that you're testing the behavior the user would see in the browser. Learn more at https://react.dev/link/wrap-tests-with-act
@fizzbuzz/web-dashboard:test: An update to App inside a test was not wrapped in act(...).
@fizzbuzz/web-dashboard:test: 
@fizzbuzz/web-dashboard:test: When testing, code that causes React state updates should be wrapped into act(...):
@fizzbuzz/web-dashboard:test: 
@fizzbuzz/web-dashboard:test: act(() => {
@fizzbuzz/web-dashboard:test:   /* fire events that update state */
@fizzbuzz/web-dashboard:test: });
@fizzbuzz/web-dashboard:test: /* assert on the output */
@fizzbuzz/web-dashboard:test: 
@fizzbuzz/web-dashboard:test: This ensures that you're testing the behavior the user would see in the browser. Learn more at https://react.dev/link/wrap-tests-with-act
@fizzbuzz/web-dashboard:test: Failed to fetch stats: TypeError: Cannot read properties of undefined (reading 'json')
@fizzbuzz/web-dashboard:test:     at fetchStats (/home/cameron/Git/Personal/agent-first-fizzbuzz-scalable/apps/web-dashboard/src/App.tsx:115:31)
@fizzbuzz/web-dashboard:test:     at processTicksAndRejections (node:internal/process/task_queues:104:5)
@fizzbuzz/web-dashboard:test: 
@fizzbuzz/web-dashboard:test: stdout | src/App.test.tsx > Web Dashboard App > renders the system status card
@fizzbuzz/web-dashboard:test: [Dashboard] API_BASE: /api
@fizzbuzz/web-dashboard:test: [Dashboard] ANALYTICS_BASE: /analytics
@fizzbuzz/web-dashboard:test: 
@fizzbuzz/web-dashboard:test: stderr | src/App.test.tsx > Web Dashboard App > renders the system status card
@fizzbuzz/web-dashboard:test: Failed to fetch health: TypeError: Cannot read properties of undefined (reading 'json')
@fizzbuzz/web-dashboard:test:     at checkHealth (/home/cameron/Git/Personal/agent-first-fizzbuzz-scalable/apps/web-dashboard/src/App.tsx:95:31)
@fizzbuzz/web-dashboard:test:     at processTicksAndRejections (node:internal/process/task_queues:104:5)
@fizzbuzz/web-dashboard:test: Error details: {
@fizzbuzz/web-dashboard:test:   message: "Cannot read properties of undefined (reading 'json')",
@fizzbuzz/web-dashboard:test:   name: 'TypeError',
@fizzbuzz/web-dashboard:test:   stack: "TypeError: Cannot read properties of undefined (reading 'json')\n" +
@fizzbuzz/web-dashboard:test:     '    at checkHealth (/home/cameron/Git/Personal/agent-first-fizzbuzz-scalable/apps/web-dashboard/src/App.tsx:95:31)\n' +
@fizzbuzz/web-dashboard:test:     '    at processTicksAndRejections (node:internal/process/task_queues:104:5)'
@fizzbuzz/web-dashboard:test: }
@fizzbuzz/web-dashboard:test: An update to App inside a test was not wrapped in act(...).
@fizzbuzz/web-dashboard:test: 
@fizzbuzz/web-dashboard:test: When testing, code that causes React state updates should be wrapped into act(...):
@fizzbuzz/web-dashboard:test: 
@fizzbuzz/web-dashboard:test: act(() => {
@fizzbuzz/web-dashboard:test:   /* fire events that update state */
@fizzbuzz/web-dashboard:test: });
@fizzbuzz/web-dashboard:test: /* assert on the output */
@fizzbuzz/web-dashboard:test: 
@fizzbuzz/web-dashboard:test: This ensures that you're testing the behavior the user would see in the browser. Learn more at https://react.dev/link/wrap-tests-with-act
@fizzbuzz/web-dashboard:test: An update to App inside a test was not wrapped in act(...).
@fizzbuzz/web-dashboard:test: 
@fizzbuzz/web-dashboard:test: When testing, code that causes React state updates should be wrapped into act(...):
@fizzbuzz/web-dashboard:test: 
@fizzbuzz/web-dashboard:test: act(() => {
@fizzbuzz/web-dashboard:test:   /* fire events that update state */
@fizzbuzz/web-dashboard:test: });
@fizzbuzz/web-dashboard:test: /* assert on the output */
@fizzbuzz/web-dashboard:test: 
@fizzbuzz/web-dashboard:test: This ensures that you're testing the behavior the user would see in the browser. Learn more at https://react.dev/link/wrap-tests-with-act
@fizzbuzz/web-dashboard:test: Failed to fetch stats: TypeError: Cannot read properties of undefined (reading 'json')
@fizzbuzz/web-dashboard:test:     at fetchStats (/home/cameron/Git/Personal/agent-first-fizzbuzz-scalable/apps/web-dashboard/src/App.tsx:115:31)
@fizzbuzz/web-dashboard:test:     at processTicksAndRejections (node:internal/process/task_queues:104:5)
@fizzbuzz/web-dashboard:test: 
@fizzbuzz/web-dashboard:test: stdout | src/App.test.tsx > Web Dashboard App > renders the single computation card
@fizzbuzz/web-dashboard:test: [Dashboard] API_BASE: /api
@fizzbuzz/web-dashboard:test: [Dashboard] ANALYTICS_BASE: /analytics
@fizzbuzz/web-dashboard:test: 
@fizzbuzz/web-dashboard:test: stderr | src/App.test.tsx > Web Dashboard App > renders the single computation card
@fizzbuzz/web-dashboard:test: Failed to fetch health: TypeError: Cannot read properties of undefined (reading 'json')
@fizzbuzz/web-dashboard:test:     at checkHealth (/home/cameron/Git/Personal/agent-first-fizzbuzz-scalable/apps/web-dashboard/src/App.tsx:95:31)
@fizzbuzz/web-dashboard:test:     at processTicksAndRejections (node:internal/process/task_queues:104:5)
@fizzbuzz/web-dashboard:test: Error details: {
@fizzbuzz/web-dashboard:test:   message: "Cannot read properties of undefined (reading 'json')",
@fizzbuzz/web-dashboard:test:   name: 'TypeError',
@fizzbuzz/web-dashboard:test:   stack: "TypeError: Cannot read properties of undefined (reading 'json')\n" +
@fizzbuzz/web-dashboard:test:     '    at checkHealth (/home/cameron/Git/Personal/agent-first-fizzbuzz-scalable/apps/web-dashboard/src/App.tsx:95:31)\n' +
@fizzbuzz/web-dashboard:test:     '    at processTicksAndRejections (node:internal/process/task_queues:104:5)'
@fizzbuzz/web-dashboard:test: }
@fizzbuzz/web-dashboard:test: An update to App inside a test was not wrapped in act(...).
@fizzbuzz/web-dashboard:test: 
@fizzbuzz/web-dashboard:test: When testing, code that causes React state updates should be wrapped into act(...):
@fizzbuzz/web-dashboard:test: 
@fizzbuzz/web-dashboard:test: act(() => {
@fizzbuzz/web-dashboard:test:   /* fire events that update state */
@fizzbuzz/web-dashboard:test: });
@fizzbuzz/web-dashboard:test: /* assert on the output */
@fizzbuzz/web-dashboard:test: 
@fizzbuzz/web-dashboard:test: This ensures that you're testing the behavior the user would see in the browser. Learn more at https://react.dev/link/wrap-tests-with-act
@fizzbuzz/web-dashboard:test: An update to App inside a test was not wrapped in act(...).
@fizzbuzz/web-dashboard:test: 
@fizzbuzz/web-dashboard:test: When testing, code that causes React state updates should be wrapped into act(...):
@fizzbuzz/web-dashboard:test: 
@fizzbuzz/web-dashboard:test: act(() => {
@fizzbuzz/web-dashboard:test:   /* fire events that update state */
@fizzbuzz/web-dashboard:test: });
@fizzbuzz/web-dashboard:test: /* assert on the output */
@fizzbuzz/web-dashboard:test: 
@fizzbuzz/web-dashboard:test: This ensures that you're testing the behavior the user would see in the browser. Learn more at https://react.dev/link/wrap-tests-with-act
@fizzbuzz/web-dashboard:test: Failed to fetch stats: TypeError: Cannot read properties of undefined (reading 'json')
@fizzbuzz/web-dashboard:test:     at fetchStats (/home/cameron/Git/Personal/agent-first-fizzbuzz-scalable/apps/web-dashboard/src/App.tsx:115:31)
@fizzbuzz/web-dashboard:test:     at processTicksAndRejections (node:internal/process/task_queues:104:5)
@fizzbuzz/web-dashboard:test: 
@fizzbuzz/web-dashboard:test: stdout | src/App.test.tsx > Web Dashboard App > renders the range computation card
@fizzbuzz/web-dashboard:test: [Dashboard] API_BASE: /api
@fizzbuzz/web-dashboard:test: [Dashboard] ANALYTICS_BASE: /analytics
@fizzbuzz/web-dashboard:test: 
@fizzbuzz/web-dashboard:test: stderr | src/App.test.tsx > Web Dashboard App > renders the range computation card
@fizzbuzz/web-dashboard:test: Failed to fetch health: TypeError: Cannot read properties of undefined (reading 'json')
@fizzbuzz/web-dashboard:test:     at checkHealth (/home/cameron/Git/Personal/agent-first-fizzbuzz-scalable/apps/web-dashboard/src/App.tsx:95:31)
@fizzbuzz/web-dashboard:test:     at processTicksAndRejections (node:internal/process/task_queues:104:5)
@fizzbuzz/web-dashboard:test: Error details: {
@fizzbuzz/web-dashboard:test:   message: "Cannot read properties of undefined (reading 'json')",
@fizzbuzz/web-dashboard:test:   name: 'TypeError',
@fizzbuzz/web-dashboard:test:   stack: "TypeError: Cannot read properties of undefined (reading 'json')\n" +
@fizzbuzz/web-dashboard:test:     '    at checkHealth (/home/cameron/Git/Personal/agent-first-fizzbuzz-scalable/apps/web-dashboard/src/App.tsx:95:31)\n' +
@fizzbuzz/web-dashboard:test:     '    at processTicksAndRejections (node:internal/process/task_queues:104:5)'
@fizzbuzz/web-dashboard:test: }
@fizzbuzz/web-dashboard:test: An update to App inside a test was not wrapped in act(...).
@fizzbuzz/web-dashboard:test: 
@fizzbuzz/web-dashboard:test: When testing, code that causes React state updates should be wrapped into act(...):
@fizzbuzz/web-dashboard:test: 
@fizzbuzz/web-dashboard:test: act(() => {
@fizzbuzz/web-dashboard:test:   /* fire events that update state */
@fizzbuzz/web-dashboard:test: });
@fizzbuzz/web-dashboard:test: /* assert on the output */
@fizzbuzz/web-dashboard:test: 
@fizzbuzz/web-dashboard:test: This ensures that you're testing the behavior the user would see in the browser. Learn more at https://react.dev/link/wrap-tests-with-act
@fizzbuzz/web-dashboard:test: An update to App inside a test was not wrapped in act(...).
@fizzbuzz/web-dashboard:test: 
@fizzbuzz/web-dashboard:test: When testing, code that causes React state updates should be wrapped into act(...):
@fizzbuzz/web-dashboard:test: 
@fizzbuzz/web-dashboard:test: act(() => {
@fizzbuzz/web-dashboard:test:   /* fire events that update state */
@fizzbuzz/web-dashboard:test: });
@fizzbuzz/web-dashboard:test: /* assert on the output */
@fizzbuzz/web-dashboard:test: 
@fizzbuzz/web-dashboard:test: This ensures that you're testing the behavior the user would see in the browser. Learn more at https://react.dev/link/wrap-tests-with-act
@fizzbuzz/web-dashboard:test: Failed to fetch stats: TypeError: Cannot read properties of undefined (reading 'json')
@fizzbuzz/web-dashboard:test:     at fetchStats (/home/cameron/Git/Personal/agent-first-fizzbuzz-scalable/apps/web-dashboard/src/App.tsx:115:31)
@fizzbuzz/web-dashboard:test:     at processTicksAndRejections (node:internal/process/task_queues:104:5)
@fizzbuzz/web-dashboard:test: 
@fizzbuzz/web-dashboard:test: stdout | src/App.test.tsx > Web Dashboard App > shows export options after generating range results
@fizzbuzz/web-dashboard:test: [Dashboard] API_BASE: /api
@fizzbuzz/web-dashboard:test: [Dashboard] ANALYTICS_BASE: /analytics
@fizzbuzz/web-dashboard:test: 
@fizzbuzz/web-dashboard:test:  ✓ src/App.test.tsx (5 tests) 138ms
@fizzbuzz/web-dashboard:test: 
@fizzbuzz/web-dashboard:test:  Test Files  3 passed (3)
@fizzbuzz/web-dashboard:test:       Tests  16 passed (16)
@fizzbuzz/web-dashboard:test:    Start at  00:09:06
@fizzbuzz/web-dashboard:test:    Duration  915ms (transform 110ms, setup 0ms, import 340ms, tests 252ms, environment 1.28s)
@fizzbuzz/web-dashboard:test: 
@fizzbuzz/e2e:test: 
@fizzbuzz/e2e:test: > @fizzbuzz/e2e@1.0.0 test /home/cameron/Git/Personal/agent-first-fizzbuzz-scalable/packages/e2e
@fizzbuzz/e2e:test: > playwright test
@fizzbuzz/e2e:test: 
@fizzbuzz/web-server:build: 
@fizzbuzz/web-server:build: > @fizzbuzz/web-server@0.1.0 build /home/cameron/Git/Personal/agent-first-fizzbuzz-scalable/apps/web-server
@fizzbuzz/web-server:build: > tsc -p tsconfig.build.json
@fizzbuzz/web-server:build: 
@fizzbuzz/web-server:test: cache miss, executing 8e46057b707affca
@fizzbuzz/web-server:test: 
@fizzbuzz/web-server:test: > @fizzbuzz/web-server@0.1.0 test /home/cameron/Git/Personal/agent-first-fizzbuzz-scalable/apps/web-server
@fizzbuzz/web-server:test: > vitest run
@fizzbuzz/web-server:test: 
@fizzbuzz/web-server:test: 
@fizzbuzz/web-server:test:  RUN  v4.1.4 /home/cameron/Git/Personal/agent-first-fizzbuzz-scalable/apps/web-server
@fizzbuzz/web-server:test: 
@fizzbuzz/web-server:test:  ✓ src/schemas.test.ts (7 tests) 3ms
@fizzbuzz/web-server:test:  ✓ src/handlers.test.ts (7 tests) 7ms
@fizzbuzz/web-server:test:  ✓ src/database.test.ts (3 tests) 21ms
@fizzbuzz/e2e:test: [WebServer] (node:251857) Warning: The 'NO_COLOR' env is ignored due to the 'FORCE_COLOR' env being set.
@fizzbuzz/e2e:test: [WebServer] (Use `node --trace-warnings ...` to show where the warning was created)
@fizzbuzz/web-server:test: stdout | src/app.test.ts
@fizzbuzz/web-server:test: [LOG] [V86] Emulator configuration: {
@fizzbuzz/web-server:test:   wasmPath: '/home/cameron/Git/Personal/agent-first-fizzbuzz-scalable/node_modules/.pnpm/v86@0.5.327/node_modules/v86/build/v86.wasm',
@fizzbuzz/web-server:test:   biosPath: '/home/cameron/Git/Personal/agent-first-fizzbuzz-scalable/apps/web-server/v86-images/seabios.bin',
@fizzbuzz/web-server:test:   kernelPath: '/home/cameron/Git/Personal/agent-first-fizzbuzz-scalable/apps/web-server/v86-images/bzImage',
@fizzbuzz/web-server:test:   existsWasm: true,
@fizzbuzz/web-server:test:   existsBios: true,
@fizzbuzz/web-server:test:   existsKernel: true,
@fizzbuzz/web-server:test:   cwd: '/home/cameron/Git/Personal/agent-first-fizzbuzz-scalable/apps/web-server',
@fizzbuzz/web-server:test:   dirname: '/home/cameron/Git/Personal/agent-first-fizzbuzz-scalable/apps/web-server/src'
@fizzbuzz/web-server:test: }
@fizzbuzz/web-server:test: [LOG] [V86] Initializing V86... 
@fizzbuzz/web-server:test: [LOG] [V86] Emulator instance created. 
@fizzbuzz/web-server:test: 
@fizzbuzz/web-server:test: stderr | src/app.test.ts > Web Server Integration Tests > GET /health should return 200 and ok status
@fizzbuzz/web-server:test: Failed to forward log to analytics service: [TypeError: fetch failed] {
@fizzbuzz/web-server:test:   [cause]: AggregateError: 
@fizzbuzz/web-server:test:       at internalConnectMultiple (node:net:1142:49)
@fizzbuzz/web-server:test:       at afterConnectMultiple (node:net:1723:7) {
@fizzbuzz/web-server:test:     code: 'ECONNREFUSED',
@fizzbuzz/web-server:test:     [errors]: [ [Error], [Error] ]
@fizzbuzz/web-server:test:   }
@fizzbuzz/web-server:test: }
@fizzbuzz/web-server:test: 
@fizzbuzz/web-server:test: stderr | src/app.test.ts > Web Server Integration Tests > GET /health should return 200 and ok status
@fizzbuzz/web-server:test: Failed to forward log to analytics service: [TypeError: fetch failed] {
@fizzbuzz/web-server:test:   [cause]: AggregateError: 
@fizzbuzz/web-server:test:       at internalConnectMultiple (node:net:1142:49)
@fizzbuzz/web-server:test:       at afterConnectMultiple (node:net:1723:7) {
@fizzbuzz/web-server:test:     code: 'ECONNREFUSED',
@fizzbuzz/web-server:test:     [errors]: [ [Error], [Error] ]
@fizzbuzz/web-server:test:   }
@fizzbuzz/web-server:test: }
@fizzbuzz/web-server:test: 
@fizzbuzz/web-server:test: stderr | src/app.test.ts > Web Server Integration Tests > GET /health should return 200 and ok status
@fizzbuzz/web-server:test: Failed to forward log to analytics service: [TypeError: fetch failed] {
@fizzbuzz/web-server:test:   [cause]: AggregateError: 
@fizzbuzz/web-server:test:       at internalConnectMultiple (node:net:1142:49)
@fizzbuzz/web-server:test:       at afterConnectMultiple (node:net:1723:7) {
@fizzbuzz/web-server:test:     code: 'ECONNREFUSED',
@fizzbuzz/web-server:test:     [errors]: [ [Error], [Error] ]
@fizzbuzz/web-server:test:   }
@fizzbuzz/web-server:test: }
@fizzbuzz/web-server:test: 
@fizzbuzz/web-server:test: stdout | src/v86.test.ts
@fizzbuzz/web-server:test: [LOG] [V86] Emulator configuration: {
@fizzbuzz/web-server:test:   wasmPath: '/home/cameron/Git/Personal/agent-first-fizzbuzz-scalable/node_modules/.pnpm/v86@0.5.327/node_modules/v86/build/v86.wasm',
@fizzbuzz/web-server:test:   biosPath: '/home/cameron/Git/Personal/agent-first-fizzbuzz-scalable/apps/web-server/v86-images/seabios.bin',
@fizzbuzz/web-server:test:   kernelPath: '/home/cameron/Git/Personal/agent-first-fizzbuzz-scalable/apps/web-server/v86-images/bzImage',
@fizzbuzz/web-server:test:   existsWasm: true,
@fizzbuzz/web-server:test:   existsBios: true,
@fizzbuzz/web-server:test:   existsKernel: true,
@fizzbuzz/web-server:test:   cwd: '/home/cameron/Git/Personal/agent-first-fizzbuzz-scalable/apps/web-server',
@fizzbuzz/web-server:test:   dirname: '/home/cameron/Git/Personal/agent-first-fizzbuzz-scalable/apps/web-server/src'
@fizzbuzz/web-server:test: }
@fizzbuzz/web-server:test: [LOG] [V86] Initializing V86... 
@fizzbuzz/web-server:test: [LOG] [V86] Emulator instance created. 
@fizzbuzz/web-server:test: 
@fizzbuzz/web-server:test: stdout | src/app.test.ts > Web Server Integration Tests > GET /health should return 200 and ok status
@fizzbuzz/web-server:test: [LOG] Request GET /health { method: 'GET', url: '/health', statusCode: 200, duration: '2ms' }
@fizzbuzz/web-server:test: 
@fizzbuzz/web-server:test:  ↓ src/v86.test.ts (1 test | 1 skipped)
@fizzbuzz/web-server:test: stderr | src/app.test.ts > Web Server Integration Tests > GET /compute/:n should return 200 and correct result for valid input
@fizzbuzz/web-server:test: Failed to forward log to analytics service: [TypeError: fetch failed] {
@fizzbuzz/web-server:test:   [cause]: AggregateError: 
@fizzbuzz/web-server:test:       at internalConnectMultiple (node:net:1142:49)
@fizzbuzz/web-server:test:       at afterConnectMultiple (node:net:1723:7) {
@fizzbuzz/web-server:test:     code: 'ECONNREFUSED',
@fizzbuzz/web-server:test:     [errors]: [ [Error], [Error] ]
@fizzbuzz/web-server:test:   }
@fizzbuzz/web-server:test: }
@fizzbuzz/web-server:test: 
@fizzbuzz/web-server:test: stdout | src/app.test.ts > Web Server Integration Tests > GET /compute/:n should return 200 and correct result for valid input
@fizzbuzz/web-server:test: [LOG] Request GET /compute/15 { method: 'GET', url: '/compute/15', statusCode: 200, duration: '1ms' }
@fizzbuzz/web-server:test: 
@fizzbuzz/web-server:test: stderr | src/app.test.ts > Web Server Integration Tests > GET /compute/:n should return 400 for invalid input
@fizzbuzz/web-server:test: Failed to forward log to analytics service: [TypeError: fetch failed] {
@fizzbuzz/web-server:test:   [cause]: AggregateError: 
@fizzbuzz/web-server:test:       at internalConnectMultiple (node:net:1142:49)
@fizzbuzz/web-server:test:       at afterConnectMultiple (node:net:1723:7) {
@fizzbuzz/web-server:test:     code: 'ECONNREFUSED',
@fizzbuzz/web-server:test:     [errors]: [ [Error], [Error] ]
@fizzbuzz/web-server:test:   }
@fizzbuzz/web-server:test: }
@fizzbuzz/web-server:test: 
@fizzbuzz/web-server:test: stdout | src/app.test.ts > Web Server Integration Tests > GET /compute/:n should return 400 for invalid input
@fizzbuzz/web-server:test: [LOG] Request GET /compute/abc {
@fizzbuzz/web-server:test:   method: 'GET',
@fizzbuzz/web-server:test:   url: '/compute/abc',
@fizzbuzz/web-server:test:   statusCode: 400,
@fizzbuzz/web-server:test:   duration: '1ms'
@fizzbuzz/web-server:test: }
@fizzbuzz/web-server:test: 
@fizzbuzz/web-server:test: stdout | src/app.test.ts > Web Server Integration Tests > GET /range should return 200 and correct results for valid query
@fizzbuzz/web-server:test: [LOG] Request GET /range?start=1&end=5 {
@fizzbuzz/web-server:test:   method: 'GET',
@fizzbuzz/web-server:test:   url: '/range?start=1&end=5',
@fizzbuzz/web-server:test:   statusCode: 200,
@fizzbuzz/web-server:test:   duration: '0ms'
@fizzbuzz/web-server:test: }
@fizzbuzz/web-server:test: 
@fizzbuzz/web-server:test: stderr | src/app.test.ts > Web Server Integration Tests > GET /range should return 200 and correct results for valid query
@fizzbuzz/web-server:test: Failed to forward log to analytics service: [TypeError: fetch failed] {
@fizzbuzz/web-server:test:   [cause]: AggregateError: 
@fizzbuzz/web-server:test:       at internalConnectMultiple (node:net:1142:49)
@fizzbuzz/web-server:test:       at afterConnectMultiple (node:net:1723:7) {
@fizzbuzz/web-server:test:     code: 'ECONNREFUSED',
@fizzbuzz/web-server:test:     [errors]: [ [Error], [Error] ]
@fizzbuzz/web-server:test:   }
@fizzbuzz/web-server:test: }
@fizzbuzz/web-server:test: 
@fizzbuzz/web-server:test: stderr | src/app.test.ts > Web Server Integration Tests > GET /range should return 400 for invalid query (start > end)
@fizzbuzz/web-server:test: Failed to forward log to analytics service: [TypeError: fetch failed] {
@fizzbuzz/web-server:test:   [cause]: AggregateError: 
@fizzbuzz/web-server:test:       at internalConnectMultiple (node:net:1142:49)
@fizzbuzz/web-server:test:       at afterConnectMultiple (node:net:1723:7) {
@fizzbuzz/web-server:test:     code: 'ECONNREFUSED',
@fizzbuzz/web-server:test:     [errors]: [ [Error], [Error] ]
@fizzbuzz/web-server:test:   }
@fizzbuzz/web-server:test: }
@fizzbuzz/web-server:test: 
@fizzbuzz/web-server:test: stdout | src/app.test.ts > Web Server Integration Tests > GET /range should return 400 for invalid query (start > end)
@fizzbuzz/web-server:test: [LOG] Request GET /range?start=10&end=5 {
@fizzbuzz/web-server:test:   method: 'GET',
@fizzbuzz/web-server:test:   url: '/range?start=10&end=5',
@fizzbuzz/web-server:test:   statusCode: 400,
@fizzbuzz/web-server:test:   duration: '1ms'
@fizzbuzz/web-server:test: }
@fizzbuzz/web-server:test: 
@fizzbuzz/web-server:test: stderr | src/app.test.ts > Web Server Integration Tests > POST /chat should return 200 and a response for valid input
@fizzbuzz/web-server:test: Failed to forward log to analytics service: [TypeError: fetch failed] {
@fizzbuzz/web-server:test:   [cause]: AggregateError: 
@fizzbuzz/web-server:test:       at internalConnectMultiple (node:net:1142:49)
@fizzbuzz/web-server:test:       at afterConnectMultiple (node:net:1723:7) {
@fizzbuzz/web-server:test:     code: 'ECONNREFUSED',
@fizzbuzz/web-server:test:     [errors]: [ [Error], [Error] ]
@fizzbuzz/web-server:test:   }
@fizzbuzz/web-server:test: }
@fizzbuzz/web-server:test: 
@fizzbuzz/e2e:test: [WebServer] (node:251857) [DEP0169] DeprecationWarning: `url.parse()` behavior is not standardized and prone to errors that have security implications. Use the WHATWG URL API instead. CVEs are not issued for `url.parse()` vulnerabilities.
@fizzbuzz/e2e:test: [WebServer] 
@fizzbuzz/e2e:test: [WebServer] > marketing-landing-page@1.0.0 dev /home/cameron/Git/Personal/agent-first-fizzbuzz-scalable/apps/marketing-landing-page
@fizzbuzz/e2e:test: [WebServer] > vite "--port" "5183"
@fizzbuzz/e2e:test: [WebServer] 
@fizzbuzz/e2e:test: [WebServer] (node:251881) Warning: The 'NO_COLOR' env is ignored due to the 'FORCE_COLOR' env being set.
@fizzbuzz/e2e:test: [WebServer] (Use `node --trace-warnings ...` to show where the warning was created)
@fizzbuzz/e2e:test: [WebServer] 
@fizzbuzz/e2e:test: [WebServer]   VITE v8.0.8  ready in 153 ms
@fizzbuzz/e2e:test: [WebServer] 
@fizzbuzz/e2e:test: [WebServer]   ➜  Local:   http://localhost:5183/
@fizzbuzz/e2e:test: [WebServer]   ➜  Network: use --host to expose
@fizzbuzz/web-server:test: stdout | src/app.test.ts > Web Server Integration Tests > POST /chat should return 200 and a response for valid input
@fizzbuzz/web-server:test: [LOG] [V86] VM Booted (detected prompt), injecting Lua queue... 
@fizzbuzz/web-server:test: [LOG] [V86] Injecting command: stty -F /dev/ttyS1 -echo -onlcr 
@fizzbuzz/web-server:test: 
@fizzbuzz/web-server:test: stderr | src/app.test.ts > Web Server Integration Tests > POST /chat should return 200 and a response for valid input
@fizzbuzz/web-server:test: Failed to forward log to analytics service: [TypeError: fetch failed] {
@fizzbuzz/web-server:test:   [cause]: AggregateError: 
@fizzbuzz/web-server:test:       at internalConnectMultiple (node:net:1142:49)
@fizzbuzz/web-server:test:       at afterConnectMultiple (node:net:1723:7) {
@fizzbuzz/web-server:test:     code: 'ECONNREFUSED',
@fizzbuzz/web-server:test:     [errors]: [ [Error], [Error] ]
@fizzbuzz/web-server:test:   }
@fizzbuzz/web-server:test: }
@fizzbuzz/web-server:test: 
@fizzbuzz/web-server:test: stderr | src/app.test.ts > Web Server Integration Tests > POST /chat should return 200 and a response for valid input
@fizzbuzz/web-server:test: Failed to forward log to analytics service: [TypeError: fetch failed] {
@fizzbuzz/web-server:test:   [cause]: AggregateError: 
@fizzbuzz/web-server:test:       at internalConnectMultiple (node:net:1142:49)
@fizzbuzz/web-server:test:       at afterConnectMultiple (node:net:1723:7) {
@fizzbuzz/web-server:test:     code: 'ECONNREFUSED',
@fizzbuzz/web-server:test:     [errors]: [ [Error], [Error] ]
@fizzbuzz/web-server:test:   }
@fizzbuzz/web-server:test: }
@fizzbuzz/web-server:test: 
@fizzbuzz/e2e:test: [WebServer] (node:252050) Warning: The 'NO_COLOR' env is ignored due to the 'FORCE_COLOR' env being set.
@fizzbuzz/e2e:test: [WebServer] (Use `node --trace-warnings ...` to show where the warning was created)
@fizzbuzz/web-server:test: stdout | src/app.test.ts > Web Server Integration Tests > POST /chat should return 200 and a response for valid input
@fizzbuzz/web-server:test: [LOG] [V86] Injecting command: fuser -k /dev/ttyS1 || true 
@fizzbuzz/web-server:test: 
@fizzbuzz/web-server:test: stderr | src/app.test.ts > Web Server Integration Tests > POST /chat should return 200 and a response for valid input
@fizzbuzz/web-server:test: Failed to forward log to analytics service: [TypeError: fetch failed] {
@fizzbuzz/web-server:test:   [cause]: AggregateError: 
@fizzbuzz/web-server:test:       at internalConnectMultiple (node:net:1142:49)
@fizzbuzz/web-server:test:       at afterConnectMultiple (node:net:1723:7) {
@fizzbuzz/web-server:test:     code: 'ECONNREFUSED',
@fizzbuzz/web-server:test:     [errors]: [ [Error], [Error] ]
@fizzbuzz/web-server:test:   }
@fizzbuzz/web-server:test: }
@fizzbuzz/web-server:test: 
@fizzbuzz/e2e:test: [WebServer] (node:252050) [DEP0169] DeprecationWarning: `url.parse()` behavior is not standardized and prone to errors that have security implications. Use the WHATWG URL API instead. CVEs are not issued for `url.parse()` vulnerabilities.
@fizzbuzz/e2e:test: [WebServer] 
@fizzbuzz/e2e:test: [WebServer] > @fizzbuzz/web-dashboard@0.1.0 dev /home/cameron/Git/Personal/agent-first-fizzbuzz-scalable/apps/web-dashboard
@fizzbuzz/e2e:test: [WebServer] > vite "--port" "5184"
@fizzbuzz/e2e:test: [WebServer] 
@fizzbuzz/e2e:test: [WebServer] (node:252068) Warning: The 'NO_COLOR' env is ignored due to the 'FORCE_COLOR' env being set.
@fizzbuzz/e2e:test: [WebServer] (Use `node --trace-warnings ...` to show where the warning was created)
@fizzbuzz/e2e:test: [WebServer] 
@fizzbuzz/e2e:test: [WebServer]   VITE v8.0.8  ready in 146 ms
@fizzbuzz/e2e:test: [WebServer] 
@fizzbuzz/e2e:test: [WebServer]   ➜  Local:   http://localhost:5184/dashboard/
@fizzbuzz/e2e:test: [WebServer]   ➜  Network: use --host to expose
@fizzbuzz/web-server:test: stdout | src/app.test.ts > Web Server Integration Tests > POST /chat should return 200 and a response for valid input
@fizzbuzz/web-server:test: [LOG] [V86] Injecting command: echo "CmxvY2FsIHF1ZXVlID0ge30KbG9jYWwgc2VyaWFsMCA9IGlvLm9wZW4oIi9kZXYvdHR5UzAiLCAidyIpCmxvY2FsIHNlcmlhbDEgPSBpby5vcGVuKCIvZGV2L3R0eVMxIiwgInIrIikKc2VyaWFsMDp3cml0ZSgiTFVBIFFVRVVFIFNUQVJUSU5HCiIpCnNlcmlhbDA6Zmx1c2goKQp3aGlsZSB0cnVlIGRvCiAgbG9jYWwgbGluZSA9IHNlcmlhbDE6cmVhZCgiKmwiKQogIGlmIGxpbmUgdGhlbgogICAgc2VyaWFsMDp3cml0ZSgiTFVBIFJFQ0VJVkVEOiAiIC4uIGxpbmUgLi4gIgoiKQogICAgc2VyaWFsMDpmbHVzaCgpCiAgICBpZiBsaW5lOnN1YigxLDQpID09ICJQVVNIIiB0aGVuCiAgICAgIHRhYmxlLmluc2VydChxdWV1ZSwgbGluZTpzdWIoNikpCiAgICAgIHNlcmlhbDE6d3JpdGUoIk9LCiIpCiAgICAgIHNlcmlhbDE6Zmx1c2goKQogICAgZWxzZWlmIGxpbmUgPT0gIlBPUCIgdGhlbgogICAgICBpZiAjcXVldWUgPiAwIHRoZW4KICAgICAgICBzZXJpYWwxOndyaXRlKHRhYmxlLnJlbW92ZShxdWV1ZSwgMSkgLi4gIgoiKQogICAgICBlbHNlCiAgICAgICAgc2VyaWFsMTp3cml0ZSgiRU1QVFkKIikKICAgICAgZW5kCiAgICAgIHNlcmlhbDE6Zmx1c2goKQogICAgZWxzZWlmIGxpbmUgPT0gIkNPVU5UIiB0aGVuCiAgICAgIHNlcmlhbDE6d3JpdGUoI3F1ZXVlIC4uICIKIikKICAgICAgc2VyaWFsMTpmbHVzaCgpCiAgICBlbmQKICBlbmQKZW5kCg==" | base64 -d > /tmp/queue.lua 
@fizzbuzz/web-server:test: 
@fizzbuzz/web-server:test: stderr | src/app.test.ts > Web Server Integration Tests > POST /chat should return 200 and a response for valid input
@fizzbuzz/web-server:test: Failed to forward log to analytics service: [TypeError: fetch failed] {
@fizzbuzz/web-server:test:   [cause]: AggregateError: 
@fizzbuzz/web-server:test:       at internalConnectMultiple (node:net:1142:49)
@fizzbuzz/web-server:test:       at afterConnectMultiple (node:net:1723:7) {
@fizzbuzz/web-server:test:     code: 'ECONNREFUSED',
@fizzbuzz/web-server:test:     [errors]: [ [Error], [Error] ]
@fizzbuzz/web-server:test:   }
@fizzbuzz/web-server:test: }
@fizzbuzz/web-server:test: 
@fizzbuzz/web-server:test: stdout | src/app.test.ts > Web Server Integration Tests > POST /chat should return 200 and a response for valid input
@fizzbuzz/web-server:test: [LOG] [V86] Injecting command: lua /tmp/queue.lua & 
@fizzbuzz/web-server:test: 
@fizzbuzz/web-server:test: stderr | src/app.test.ts > Web Server Integration Tests > POST /chat should return 200 and a response for valid input
@fizzbuzz/web-server:test: Failed to forward log to analytics service: [TypeError: fetch failed] {
@fizzbuzz/web-server:test:   [cause]: AggregateError: 
@fizzbuzz/web-server:test:       at internalConnectMultiple (node:net:1142:49)
@fizzbuzz/web-server:test:       at afterConnectMultiple (node:net:1723:7) {
@fizzbuzz/web-server:test:     code: 'ECONNREFUSED',
@fizzbuzz/web-server:test:     [errors]: [ [Error], [Error] ]
@fizzbuzz/web-server:test:   }
@fizzbuzz/web-server:test: }
@fizzbuzz/web-server:test: 
@fizzbuzz/e2e:test: [WebServer] (node:252218) Warning: The 'NO_COLOR' env is ignored due to the 'FORCE_COLOR' env being set.
@fizzbuzz/e2e:test: [WebServer] (Use `node --trace-warnings ...` to show where the warning was created)
@fizzbuzz/e2e:test: [WebServer] (node:252218) [DEP0169] DeprecationWarning: `url.parse()` behavior is not standardized and prone to errors that have security implications. Use the WHATWG URL API instead. CVEs are not issued for `url.parse()` vulnerabilities.
@fizzbuzz/e2e:test: [WebServer] 
@fizzbuzz/e2e:test: [WebServer] > @fizzbuzz/web-server@0.1.0 dev /home/cameron/Git/Personal/agent-first-fizzbuzz-scalable/apps/web-server
@fizzbuzz/e2e:test: [WebServer] > tsx src/index.ts
@fizzbuzz/e2e:test: [WebServer] 
@fizzbuzz/e2e:test: [WebServer] (node:252236) Warning: The 'NO_COLOR' env is ignored due to the 'FORCE_COLOR' env being set.
@fizzbuzz/e2e:test: [WebServer] (Use `node --trace-warnings ...` to show where the warning was created)
@fizzbuzz/web-server:test: stdout | src/app.test.ts > Web Server Integration Tests > POST /chat should return 200 and a response for valid input
@fizzbuzz/web-server:test: [LOG] [V86] Lua queue running. 
@fizzbuzz/web-server:test: 
@fizzbuzz/web-server:test: stderr | src/app.test.ts > Web Server Integration Tests > POST /chat should return 200 and a response for valid input
@fizzbuzz/web-server:test: Failed to forward log to analytics service: [TypeError: fetch failed] {
@fizzbuzz/web-server:test:   [cause]: AggregateError: 
@fizzbuzz/web-server:test:       at internalConnectMultiple (node:net:1142:49)
@fizzbuzz/web-server:test:       at afterConnectMultiple (node:net:1723:7) {
@fizzbuzz/web-server:test:     code: 'ECONNREFUSED',
@fizzbuzz/web-server:test:     [errors]: [ [Error], [Error] ]
@fizzbuzz/web-server:test:   }
@fizzbuzz/web-server:test: }
@fizzbuzz/web-server:test: 
@fizzbuzz/e2e:test: [WebServer] (node:252252) Warning: The 'NO_COLOR' env is ignored due to the 'FORCE_COLOR' env being set.
@fizzbuzz/e2e:test: [WebServer] (Use `node --trace-warnings ...` to show where the warning was created)
@fizzbuzz/e2e:test: [WebServer] [LOG] [V86] Emulator configuration: {
@fizzbuzz/e2e:test: [WebServer]   wasmPath: [32m'/home/cameron/Git/Personal/agent-first-fizzbuzz-scalable/node_modules/.pnpm/v86@0.5.327/node_modules/v86/build/v86.wasm'[39m,
@fizzbuzz/e2e:test: [WebServer]   biosPath: [32m'/home/cameron/Git/Personal/agent-first-fizzbuzz-scalable/apps/web-server/v86-images/seabios.bin'[39m,
@fizzbuzz/e2e:test: [WebServer]   kernelPath: [32m'/home/cameron/Git/Personal/agent-first-fizzbuzz-scalable/apps/web-server/v86-images/bzImage'[39m,
@fizzbuzz/e2e:test: [WebServer]   existsWasm: [33mtrue[39m,
@fizzbuzz/e2e:test: [WebServer]   existsBios: [33mtrue[39m,
@fizzbuzz/e2e:test: [WebServer]   existsKernel: [33mtrue[39m,
@fizzbuzz/e2e:test: [WebServer]   cwd: [32m'/home/cameron/Git/Personal/agent-first-fizzbuzz-scalable/apps/web-server'[39m,
@fizzbuzz/e2e:test: [WebServer]   dirname: [32m'/home/cameron/Git/Personal/agent-first-fizzbuzz-scalable/apps/web-server/src'[39m
@fizzbuzz/e2e:test: [WebServer] }
@fizzbuzz/e2e:test: [WebServer] [LOG] [V86] Initializing V86... 
@fizzbuzz/e2e:test: [WebServer] [LOG] [V86] Emulator instance created. 
@fizzbuzz/e2e:test: [WebServer] Webserver listening on port 3000
@fizzbuzz/e2e:test: [WebServer] (node:252252) Warning: The 'NO_COLOR' env is ignored due to the 'FORCE_COLOR' env being set.
@fizzbuzz/e2e:test: [WebServer] (Use `node --trace-warnings ...` to show where the warning was created)
@fizzbuzz/e2e:test: [WebServer] Failed to forward log to analytics service: [TypeError: fetch failed] {
@fizzbuzz/e2e:test: [WebServer]   [cause]: AggregateError [ECONNREFUSED]: 
@fizzbuzz/e2e:test: [WebServer]   [90m    at internalConnectMultiple (node:net:1142:49)[39m
@fizzbuzz/e2e:test: [WebServer]   [90m    at afterConnectMultiple (node:net:1723:7)[39m {
@fizzbuzz/e2e:test: [WebServer]     code: [32m'ECONNREFUSED'[39m,
@fizzbuzz/e2e:test: [WebServer]     [errors]: [ [36m[Error][39m, [36m[Error][39m ]
@fizzbuzz/e2e:test: [WebServer]   }
@fizzbuzz/e2e:test: [WebServer] }
@fizzbuzz/e2e:test: [WebServer] Failed to forward log to analytics service: [TypeError: fetch failed] {
@fizzbuzz/e2e:test: [WebServer]   [cause]: AggregateError [ECONNREFUSED]: 
@fizzbuzz/e2e:test: [WebServer]   [90m    at internalConnectMultiple (node:net:1142:49)[39m
@fizzbuzz/e2e:test: [WebServer]   [90m    at afterConnectMultiple (node:net:1723:7)[39m {
@fizzbuzz/e2e:test: [WebServer]     code: [32m'ECONNREFUSED'[39m,
@fizzbuzz/e2e:test: [WebServer]     [errors]: [ [36m[Error][39m, [36m[Error][39m ]
@fizzbuzz/e2e:test: [WebServer]   }
@fizzbuzz/e2e:test: [WebServer] }
@fizzbuzz/e2e:test: [WebServer] Failed to forward log to analytics service: [TypeError: fetch failed] {
@fizzbuzz/e2e:test: [WebServer]   [cause]: AggregateError [ECONNREFUSED]: 
@fizzbuzz/e2e:test: [WebServer]   [90m    at internalConnectMultiple (node:net:1142:49)[39m
@fizzbuzz/e2e:test: [WebServer]   [90m    at afterConnectMultiple (node:net:1723:7)[39m {
@fizzbuzz/e2e:test: [WebServer]     code: [32m'ECONNREFUSED'[39m,
@fizzbuzz/e2e:test: [WebServer]     [errors]: [ [36m[Error][39m, [36m[Error][39m ]
@fizzbuzz/e2e:test: [WebServer]   }
@fizzbuzz/e2e:test: [WebServer] }
@fizzbuzz/e2e:test: [WebServer] [LOG] Request GET /health { method: [32m'GET'[39m, url: [32m'/health'[39m, statusCode: [33m200[39m, duration: [32m'2ms'[39m }
@fizzbuzz/e2e:test: [WebServer] Failed to forward log to analytics service: [TypeError: fetch failed] {
@fizzbuzz/e2e:test: [WebServer]   [cause]: AggregateError [ECONNREFUSED]: 
@fizzbuzz/e2e:test: [WebServer]   [90m    at internalConnectMultiple (node:net:1142:49)[39m
@fizzbuzz/e2e:test: [WebServer]   [90m    at afterConnectMultiple (node:net:1723:7)[39m {
@fizzbuzz/e2e:test: [WebServer]     code: [32m'ECONNREFUSED'[39m,
@fizzbuzz/e2e:test: [WebServer]     [errors]: [ [36m[Error][39m, [36m[Error][39m ]
@fizzbuzz/e2e:test: [WebServer]   }
@fizzbuzz/e2e:test: [WebServer] }
@fizzbuzz/web-server:test: stdout | src/app.test.ts > Web Server Integration Tests > POST /chat should return 200 and a response for valid input
@fizzbuzz/web-server:test: [LOG] Request POST /chat { method: 'POST', url: '/chat', statusCode: 200, duration: '3606ms' }
@fizzbuzz/web-server:test: 
@fizzbuzz/web-server:test:  ✓ src/app.test.ts (6 tests) 3639ms
@fizzbuzz/web-server:test:      ✓ POST /chat should return 200 and a response for valid input  3613ms
@fizzbuzz/web-server:test: stderr | Logger.forward (/home/cameron/Git/Personal/agent-first-fizzbuzz-scalable/apps/web-server/src/logger.ts:42:15)
@fizzbuzz/web-server:test: Failed to forward log to analytics service: [TypeError: fetch failed] {
@fizzbuzz/web-server:test:   [cause]: AggregateError: 
@fizzbuzz/web-server:test:       at internalConnectMultiple (node:net:1142:49)
@fizzbuzz/web-server:test:       at afterConnectMultiple (node:net:1723:7) {
@fizzbuzz/web-server:test:     code: 'ECONNREFUSED',
@fizzbuzz/web-server:test:     [errors]: [ [Error], [Error] ]
@fizzbuzz/web-server:test:   }
@fizzbuzz/web-server:test: }
@fizzbuzz/web-server:test: 
@fizzbuzz/web-server:test: 
@fizzbuzz/web-server:test:  Test Files  4 passed | 1 skipped (5)
@fizzbuzz/web-server:test:       Tests  23 passed | 1 skipped (24)
@fizzbuzz/web-server:test:    Start at  00:14:50
@fizzbuzz/web-server:test:    Duration  3.83s (transform 85ms, setup 0ms, import 376ms, tests 3.67s, environment 0ms)
@fizzbuzz/web-server:test: 
@fizzbuzz/e2e:test: [WebServer] (node:252300) Warning: The 'NO_COLOR' env is ignored due to the 'FORCE_COLOR' env being set.
@fizzbuzz/e2e:test: [WebServer] (Use `node --trace-warnings ...` to show where the warning was created)
@fizzbuzz/e2e:test: [WebServer] [LOG] [V86] VM Booted (detected prompt), injecting Lua queue... 
@fizzbuzz/e2e:test: [WebServer] [LOG] [V86] Injecting command: stty -F /dev/ttyS1 -echo -onlcr 
@fizzbuzz/e2e:test: [WebServer] (node:252300) [DEP0169] DeprecationWarning: `url.parse()` behavior is not standardized and prone to errors that have security implications. Use the WHATWG URL API instead. CVEs are not issued for `url.parse()` vulnerabilities.
@fizzbuzz/e2e:test: [WebServer] 
@fizzbuzz/e2e:test: [WebServer] > @fizzbuzz/analytics-service@0.1.0 dev /home/cameron/Git/Personal/agent-first-fizzbuzz-scalable/apps/analytics-service
@fizzbuzz/e2e:test: [WebServer] > tsx src/index.ts
@fizzbuzz/e2e:test: [WebServer] 
@fizzbuzz/e2e:test: [WebServer] Failed to forward log to analytics service: [TypeError: fetch failed] {
@fizzbuzz/e2e:test: [WebServer]   [cause]: AggregateError [ECONNREFUSED]: 
@fizzbuzz/e2e:test: [WebServer]   [90m    at internalConnectMultiple (node:net:1142:49)[39m
@fizzbuzz/e2e:test: [WebServer]   [90m    at afterConnectMultiple (node:net:1723:7)[39m {
@fizzbuzz/e2e:test: [WebServer]     code: [32m'ECONNREFUSED'[39m,
@fizzbuzz/e2e:test: [WebServer]     [errors]: [ [36m[Error][39m, [36m[Error][39m ]
@fizzbuzz/e2e:test: [WebServer]   }
@fizzbuzz/e2e:test: [WebServer] }
@fizzbuzz/e2e:test: [WebServer] Failed to forward log to analytics service: [TypeError: fetch failed] {
@fizzbuzz/e2e:test: [WebServer]   [cause]: AggregateError [ECONNREFUSED]: 
@fizzbuzz/e2e:test: [WebServer]   [90m    at internalConnectMultiple (node:net:1142:49)[39m
@fizzbuzz/e2e:test: [WebServer]   [90m    at afterConnectMultiple (node:net:1723:7)[39m {
@fizzbuzz/e2e:test: [WebServer]     code: [32m'ECONNREFUSED'[39m,
@fizzbuzz/e2e:test: [WebServer]     [errors]: [ [36m[Error][39m, [36m[Error][39m ]
@fizzbuzz/e2e:test: [WebServer]   }
@fizzbuzz/e2e:test: [WebServer] }
@fizzbuzz/e2e:test: [WebServer] (node:252314) Warning: The 'NO_COLOR' env is ignored due to the 'FORCE_COLOR' env being set.
@fizzbuzz/e2e:test: [WebServer] (Use `node --trace-warnings ...` to show where the warning was created)
@fizzbuzz/e2e:test: [WebServer] (node:252330) Warning: The 'NO_COLOR' env is ignored due to the 'FORCE_COLOR' env being set.
@fizzbuzz/e2e:test: [WebServer] (Use `node --trace-warnings ...` to show where the warning was created)
@fizzbuzz/e2e:test: [WebServer] Analytics Service listening on port 3001
@fizzbuzz/e2e:test: [WebServer] (node:252330) Warning: The 'NO_COLOR' env is ignored due to the 'FORCE_COLOR' env being set.
@fizzbuzz/e2e:test: [WebServer] (Use `node --trace-warnings ...` to show where the warning was created)
@fizzbuzz/e2e:test: [WebServer] [LOG] [V86] Injecting command: fuser -k /dev/ttyS1 || true 
@fizzbuzz/e2e:test: [WebServer] [web-server] info: [V86] Injecting command: fuser -k /dev/ttyS1 || true 
@fizzbuzz/e2e:test: [WebServer] [LOG] [V86] Injecting command: echo "CmxvY2FsIHF1ZXVlID0ge30KbG9jYWwgc2VyaWFsMCA9IGlvLm9wZW4oIi9kZXYvdHR5UzAiLCAidyIpCmxvY2FsIHNlcmlhbDEgPSBpby5vcGVuKCIvZGV2L3R0eVMxIiwgInIrIikKc2VyaWFsMDp3cml0ZSgiTFVBIFFVRVVFIFNUQVJUSU5HCiIpCnNlcmlhbDA6Zmx1c2goKQp3aGlsZSB0cnVlIGRvCiAgbG9jYWwgbGluZSA9IHNlcmlhbDE6cmVhZCgiKmwiKQogIGlmIGxpbmUgdGhlbgogICAgc2VyaWFsMDp3cml0ZSgiTFVBIFJFQ0VJVkVEOiAiIC4uIGxpbmUgLi4gIgoiKQogICAgc2VyaWFsMDpmbHVzaCgpCiAgICBpZiBsaW5lOnN1YigxLDQpID09ICJQVVNIIiB0aGVuCiAgICAgIHRhYmxlLmluc2VydChxdWV1ZSwgbGluZTpzdWIoNikpCiAgICAgIHNlcmlhbDE6d3JpdGUoIk9LCiIpCiAgICAgIHNlcmlhbDE6Zmx1c2goKQogICAgZWxzZWlmIGxpbmUgPT0gIlBPUCIgdGhlbgogICAgICBpZiAjcXVldWUgPiAwIHRoZW4KICAgICAgICBzZXJpYWwxOndyaXRlKHRhYmxlLnJlbW92ZShxdWV1ZSwgMSkgLi4gIgoiKQogICAgICBlbHNlCiAgICAgICAgc2VyaWFsMTp3cml0ZSgiRU1QVFkKIikKICAgICAgZW5kCiAgICAgIHNlcmlhbDE6Zmx1c2goKQogICAgZWxzZWlmIGxpbmUgPT0gIkNPVU5UIiB0aGVuCiAgICAgIHNlcmlhbDE6d3JpdGUoI3F1ZXVlIC4uICIKIikKICAgICAgc2VyaWFsMTpmbHVzaCgpCiAgICBlbmQKICBlbmQKZW5kCg==" | base64 -d > /tmp/queue.lua 
@fizzbuzz/e2e:test: [WebServer] [web-server] info: [V86] Injecting command: echo "CmxvY2FsIHF1ZXVlID0ge30KbG9jYWwgc2VyaWFsMCA9IGlvLm9wZW4oIi9kZXYvdHR5UzAiLCAidyIpCmxvY2FsIHNlcmlhbDEgPSBpby5vcGVuKCIvZGV2L3R0eVMxIiwgInIrIikKc2VyaWFsMDp3cml0ZSgiTFVBIFFVRVVFIFNUQVJUSU5HCiIpCnNlcmlhbDA6Zmx1c2goKQp3aGlsZSB0cnVlIGRvCiAgbG9jYWwgbGluZSA9IHNlcmlhbDE6cmVhZCgiKmwiKQogIGlmIGxpbmUgdGhlbgogICAgc2VyaWFsMDp3cml0ZSgiTFVBIFJFQ0VJVkVEOiAiIC4uIGxpbmUgLi4gIgoiKQogICAgc2VyaWFsMDpmbHVzaCgpCiAgICBpZiBsaW5lOnN1YigxLDQpID09ICJQVVNIIiB0aGVuCiAgICAgIHRhYmxlLmluc2VydChxdWV1ZSwgbGluZTpzdWIoNikpCiAgICAgIHNlcmlhbDE6d3JpdGUoIk9LCiIpCiAgICAgIHNlcmlhbDE6Zmx1c2goKQogICAgZWxzZWlmIGxpbmUgPT0gIlBPUCIgdGhlbgogICAgICBpZiAjcXVldWUgPiAwIHRoZW4KICAgICAgICBzZXJpYWwxOndyaXRlKHRhYmxlLnJlbW92ZShxdWV1ZSwgMSkgLi4gIgoiKQogICAgICBlbHNlCiAgICAgICAgc2VyaWFsMTp3cml0ZSgiRU1QVFkKIikKICAgICAgZW5kCiAgICAgIHNlcmlhbDE6Zmx1c2goKQogICAgZWxzZWlmIGxpbmUgPT0gIkNPVU5UIiB0aGVuCiAgICAgIHNlcmlhbDE6d3JpdGUoI3F1ZXVlIC4uICIKIikKICAgICAgc2VyaWFsMTpmbHVzaCgpCiAgICBlbmQKICBlbmQKZW5kCg==" | base64 -d > /tmp/queue.lua 
@fizzbuzz/e2e:test: [WebServer] (node:252346) Warning: The 'NO_COLOR' env is ignored due to the 'FORCE_COLOR' env being set.
@fizzbuzz/e2e:test: [WebServer] (Use `node --trace-warnings ...` to show where the warning was created)
@fizzbuzz/e2e:test: [WebServer] (node:252346) [DEP0169] DeprecationWarning: `url.parse()` behavior is not standardized and prone to errors that have security implications. Use the WHATWG URL API instead. CVEs are not issued for `url.parse()` vulnerabilities.
@fizzbuzz/e2e:test: [WebServer] 
@fizzbuzz/e2e:test: [WebServer] > @fizzbuzz/lean-service@0.1.0 dev /home/cameron/Git/Personal/agent-first-fizzbuzz-scalable/apps/lean-service
@fizzbuzz/e2e:test: [WebServer] > tsx src/index.ts
@fizzbuzz/e2e:test: [WebServer] 
@fizzbuzz/e2e:test: [WebServer] (node:252360) Warning: The 'NO_COLOR' env is ignored due to the 'FORCE_COLOR' env being set.
@fizzbuzz/e2e:test: [WebServer] (Use `node --trace-warnings ...` to show where the warning was created)
@fizzbuzz/e2e:test: [WebServer] (node:252376) Warning: The 'NO_COLOR' env is ignored due to the 'FORCE_COLOR' env being set.
@fizzbuzz/e2e:test: [WebServer] (Use `node --trace-warnings ...` to show where the warning was created)
@fizzbuzz/e2e:test: [WebServer] Lean service listening on port 3002
@fizzbuzz/e2e:test: [WebServer] (node:252376) Warning: The 'NO_COLOR' env is ignored due to the 'FORCE_COLOR' env being set.
@fizzbuzz/e2e:test: [WebServer] (Use `node --trace-warnings ...` to show where the warning was created)
@fizzbuzz/e2e:test: [WebServer] [LOG] [V86] Injecting command: lua /tmp/queue.lua & 
@fizzbuzz/e2e:test: [WebServer] [web-server] info: [V86] Injecting command: lua /tmp/queue.lua & 
@fizzbuzz/e2e:test: 
@fizzbuzz/e2e:test: Running 17 tests using 1 worker
@fizzbuzz/e2e:test: (node:252398) Warning: The 'NO_COLOR' env is ignored due to the 'FORCE_COLOR' env being set.
@fizzbuzz/e2e:test: (Use `node --trace-warnings ...` to show where the warning was created)
@fizzbuzz/e2e:test: (node:252398) Warning: The 'NO_COLOR' env is ignored due to the 'FORCE_COLOR' env being set.
@fizzbuzz/e2e:test: (Use `node --trace-warnings ...` to show where the warning was created)
@fizzbuzz/e2e:test: [WebServer] [LOG] [V86] Lua queue running. 
@fizzbuzz/e2e:test: [WebServer] [web-server] info: [V86] Lua queue running. 
@fizzbuzz/e2e:test: ····[WebServer] [LOG] Request GET /health { method: [32m'GET'[39m, url: [32m'/health'[39m, statusCode: [33m200[39m, duration: [32m'2ms'[39m }
@fizzbuzz/e2e:test: [WebServer] [LOG] Request GET /health { method: [32m'GET'[39m, url: [32m'/health'[39m, statusCode: [33m200[39m, duration: [32m'1ms'[39m }
@fizzbuzz/e2e:test: [WebServer] [web-server] info: Request GET /health { method: [32m'GET'[39m, url: [32m'/health'[39m, statusCode: [33m200[39m, duration: [32m'2ms'[39m }
@fizzbuzz/e2e:test: [WebServer] [web-server] info: Request GET /health { method: [32m'GET'[39m, url: [32m'/health'[39m, statusCode: [33m200[39m, duration: [32m'1ms'[39m }
@fizzbuzz/e2e:test: ·[WebServer] [LOG] Request GET /health { method: [32m'GET'[39m, url: [32m'/health'[39m, statusCode: [33m200[39m, duration: [32m'1ms'[39m }
@fizzbuzz/e2e:test: [WebServer] [LOG] Request GET /health { method: [32m'GET'[39m, url: [32m'/health'[39m, statusCode: [33m200[39m, duration: [32m'0ms'[39m }
@fizzbuzz/e2e:test: [WebServer] [web-server] info: Request GET /health { method: [32m'GET'[39m, url: [32m'/health'[39m, statusCode: [33m200[39m, duration: [32m'1ms'[39m }
@fizzbuzz/e2e:test: [WebServer] [web-server] info: Request GET /health { method: [32m'GET'[39m, url: [32m'/health'[39m, statusCode: [33m200[39m, duration: [32m'0ms'[39m }
@fizzbuzz/e2e:test: [WebServer] [LOG] Request GET /compute/15?engine=js {
@fizzbuzz/e2e:test: [WebServer]   method: [32m'GET'[39m,
@fizzbuzz/e2e:test: [WebServer]   url: [32m'/compute/15?engine=js'[39m,
@fizzbuzz/e2e:test: [WebServer]   statusCode: [33m200[39m,
@fizzbuzz/e2e:test: [WebServer]   duration: [32m'1ms'[39m
@fizzbuzz/e2e:test: [WebServer] }
@fizzbuzz/e2e:test: [WebServer] [web-server] info: Request GET /compute/15?engine=js {
@fizzbuzz/e2e:test: [WebServer]   method: [32m'GET'[39m,
@fizzbuzz/e2e:test: [WebServer]   url: [32m'/compute/15?engine=js'[39m,
@fizzbuzz/e2e:test: [WebServer]   statusCode: [33m200[39m,
@fizzbuzz/e2e:test: [WebServer]   duration: [32m'1ms'[39m
@fizzbuzz/e2e:test: [WebServer] }
@fizzbuzz/e2e:test: ·[WebServer] [LOG] Request GET /health { method: [32m'GET'[39m, url: [32m'/health'[39m, statusCode: [33m200[39m, duration: [32m'0ms'[39m }
@fizzbuzz/e2e:test: [WebServer] [LOG] Request GET /health { method: [32m'GET'[39m, url: [32m'/health'[39m, statusCode: [33m200[39m, duration: [32m'0ms'[39m }
@fizzbuzz/e2e:test: [WebServer] [web-server] info: Request GET /health { method: [32m'GET'[39m, url: [32m'/health'[39m, statusCode: [33m200[39m, duration: [32m'0ms'[39m }
@fizzbuzz/e2e:test: [WebServer] [web-server] info: Request GET /health { method: [32m'GET'[39m, url: [32m'/health'[39m, statusCode: [33m200[39m, duration: [32m'0ms'[39m }
@fizzbuzz/e2e:test: [WebServer] [LOG] Request GET /range?start=1&end=5&engine=js {
@fizzbuzz/e2e:test: [WebServer]   method: [32m'GET'[39m,
@fizzbuzz/e2e:test: [WebServer]   url: [32m'/range?start=1&end=5&engine=js'[39m,
@fizzbuzz/e2e:test: [WebServer]   statusCode: [33m200[39m,
@fizzbuzz/e2e:test: [WebServer]   duration: [32m'1ms'[39m
@fizzbuzz/e2e:test: [WebServer] }
@fizzbuzz/e2e:test: [WebServer] [web-server] info: Request GET /range?start=1&end=5&engine=js {
@fizzbuzz/e2e:test: [WebServer]   method: [32m'GET'[39m,
@fizzbuzz/e2e:test: [WebServer]   url: [32m'/range?start=1&end=5&engine=js'[39m,
@fizzbuzz/e2e:test: [WebServer]   statusCode: [33m200[39m,
@fizzbuzz/e2e:test: [WebServer]   duration: [32m'1ms'[39m
@fizzbuzz/e2e:test: [WebServer] }
@fizzbuzz/e2e:test: ·[WebServer] [LOG] Request GET /health { method: [32m'GET'[39m, url: [32m'/health'[39m, statusCode: [33m200[39m, duration: [32m'0ms'[39m }
@fizzbuzz/e2e:test: [WebServer] [web-server] info: Request GET /health { method: [32m'GET'[39m, url: [32m'/health'[39m, statusCode: [33m200[39m, duration: [32m'0ms'[39m }
@fizzbuzz/e2e:test: [WebServer] [LOG] Request GET /health { method: [32m'GET'[39m, url: [32m'/health'[39m, statusCode: [33m200[39m, duration: [32m'0ms'[39m }
@fizzbuzz/e2e:test: [WebServer] [web-server] info: Request GET /health { method: [32m'GET'[39m, url: [32m'/health'[39m, statusCode: [33m200[39m, duration: [32m'0ms'[39m }
@fizzbuzz/e2e:test: [WebServer] [LOG] Request GET /compute/3?engine=rust {
@fizzbuzz/e2e:test: [WebServer]   method: [32m'GET'[39m,
@fizzbuzz/e2e:test: [WebServer]   url: [32m'/compute/3?engine=rust'[39m,
@fizzbuzz/e2e:test: [WebServer]   statusCode: [33m200[39m,
@fizzbuzz/e2e:test: [WebServer]   duration: [32m'4ms'[39m
@fizzbuzz/e2e:test: [WebServer] }
@fizzbuzz/e2e:test: [WebServer] [web-server] info: Request GET /compute/3?engine=rust {
@fizzbuzz/e2e:test: [WebServer]   method: [32m'GET'[39m,
@fizzbuzz/e2e:test: [WebServer]   url: [32m'/compute/3?engine=rust'[39m,
@fizzbuzz/e2e:test: [WebServer]   statusCode: [33m200[39m,
@fizzbuzz/e2e:test: [WebServer]   duration: [32m'4ms'[39m
@fizzbuzz/e2e:test: [WebServer] }
@fizzbuzz/e2e:test: ·[WebServer] [LOG] Request GET /health { method: [32m'GET'[39m, url: [32m'/health'[39m, statusCode: [33m200[39m, duration: [32m'0ms'[39m }
@fizzbuzz/e2e:test: [WebServer] [web-server] info: Request GET /health { method: [32m'GET'[39m, url: [32m'/health'[39m, statusCode: [33m200[39m, duration: [32m'0ms'[39m }
@fizzbuzz/e2e:test: [WebServer] [LOG] Request GET /health { method: [32m'GET'[39m, url: [32m'/health'[39m, statusCode: [33m200[39m, duration: [32m'0ms'[39m }
@fizzbuzz/e2e:test: [WebServer] [web-server] info: Request GET /health { method: [32m'GET'[39m, url: [32m'/health'[39m, statusCode: [33m200[39m, duration: [32m'0ms'[39m }
@fizzbuzz/e2e:test: ··[WebServer] [LOG] Request GET /health { method: [32m'GET'[39m, url: [32m'/health'[39m, statusCode: [33m200[39m, duration: [32m'0ms'[39m }
@fizzbuzz/e2e:test: [WebServer] [web-server] info: Request GET /health { method: [32m'GET'[39m, url: [32m'/health'[39m, statusCode: [33m200[39m, duration: [32m'0ms'[39m }
@fizzbuzz/e2e:test: [WebServer] [LOG] Request GET /health { method: [32m'GET'[39m, url: [32m'/health'[39m, statusCode: [33m200[39m, duration: [32m'0ms'[39m }
@fizzbuzz/e2e:test: [WebServer] [web-server] info: Request GET /health { method: [32m'GET'[39m, url: [32m'/health'[39m, statusCode: [33m200[39m, duration: [32m'0ms'[39m }
@fizzbuzz/e2e:test: ··[WebServer] [LOG] Request GET /health { method: [32m'GET'[39m, url: [32m'/health'[39m, statusCode: [33m200[39m, duration: [32m'0ms'[39m }
@fizzbuzz/e2e:test: [WebServer] [web-server] info: Request GET /health { method: [32m'GET'[39m, url: [32m'/health'[39m, statusCode: [33m200[39m, duration: [32m'0ms'[39m }
@fizzbuzz/e2e:test: [WebServer] [LOG] Request GET /health { method: [32m'GET'[39m, url: [32m'/health'[39m, statusCode: [33m200[39m, duration: [32m'0ms'[39m }
@fizzbuzz/e2e:test: [WebServer] [web-server] info: Request GET /health { method: [32m'GET'[39m, url: [32m'/health'[39m, statusCode: [33m200[39m, duration: [32m'0ms'[39m }
@fizzbuzz/e2e:test: ·[WebServer] [LOG] Request GET /health { method: [32m'GET'[39m, url: [32m'/health'[39m, statusCode: [33m200[39m, duration: [32m'0ms'[39m }
@fizzbuzz/e2e:test: [WebServer] [web-server] info: Request GET /health { method: [32m'GET'[39m, url: [32m'/health'[39m, statusCode: [33m200[39m, duration: [32m'0ms'[39m }
@fizzbuzz/e2e:test: [WebServer] [LOG] Request GET /health { method: [32m'GET'[39m, url: [32m'/health'[39m, statusCode: [33m200[39m, duration: [32m'0ms'[39m }
@fizzbuzz/e2e:test: [WebServer] [web-server] info: Request GET /health { method: [32m'GET'[39m, url: [32m'/health'[39m, statusCode: [33m200[39m, duration: [32m'0ms'[39m }
@fizzbuzz/e2e:test: ····
@fizzbuzz/e2e:test:   17 passed (16.4s)

 Tasks:    21 successful, 21 total
Cached:    18 cached, 21 total
  Time:    17.031s 

